........................................................................ [ 92%]
......                                                                   [100%]
=============================== warnings summary ===============================
.venv/lib/python3.13/site-packages/starlette/testclient.py:37
  /home/liuzonghao/THUPathfindingLab/.venv/lib/python3.13/site-packages/starlette/testclient.py:37: DeprecationWarning: The anyio.abc.BlockingPortal alias is deprecated, use anyio.from_thread.BlockingPortal instead.
    _PortalFactoryType = typing.Callable[[], typing.ContextManager[anyio.abc.BlockingPortal]]

-- Docs: https://docs.pytest.org/en/stable/how-to/capture-warnings.html
78 passed, 1 warning in 25.76s
